# Logfile created on Fri Apr 04 09:25:42 -0400 2008 by /
